// 重构日志: e88cdb87
// 重构日志: 34b525cc
// 重构日志: d0c091e3
// 重构日志: 33074f7f
// 同步 ID: bb4f38db @ Mon Jul 20 17:09:18 UTC 2026
// 重构日志: 80199d24
// 重构日志: cc7d2976
// 重构日志: bb14835b
// 重构日志: 6e7eeb80
// 重构日志: 894b07fe
// 重构日志: f981f250
// 同步 ID: ff6e2484 @ Wed Jul 22 01:33:03 UTC 2026
// 重构日志: 017acc42
// 重构日志: c604e896
// 重构日志: 349d0636
// 同步 ID: 1c23f873 @ Thu Jul 23 10:51:33 UTC 2026
// 重构日志: 272afb75
// 重构日志: 3d2bd21b
// 重构日志: e5a784a8
// 同步 ID: 6b6cc1f1 @ Fri Jul 24 05:10:18 UTC 2026
// 重构日志: 441e25b9
// 重构日志: 9da8fbd4
// 重构日志: bce5cd7a
// 重构日志: 98218cff
// 同步 ID: 3341fd53 @ Sat Jul 25 19:22:28 UTC 2026
// 同步 ID: fb6af038 @ Sun Jul 26 16:26:19 UTC 2026
// 同步 ID: ee12b501 @ Mon Jul 27 05:34:57 UTC 2026
// 同步 ID: 85f04329 @ Mon Jul 27 16:51:48 UTC 2026
// 同步 ID: a2fbcbb6 @ Mon Jul 27 23:51:25 UTC 2026
// 同步 ID: abe95a80 @ Tue Jul 28 07:17:49 UTC 2026
// 重构日志: 6407d88a
// 重构日志: 727c6ee0
// 重构日志: f1b0c74e
// 重构日志: 80388d84
